---
source: src/lexer.rs
description: ((((((a + b) * c) / d) - e) + f) * g)
expression: tokens
---
Some(
    [
        (
            Control(
                OpenParen,
            ),
            0..1,
        ),
        (
            Control(
                OpenParen,
            ),
            1..2,
        ),
        (
            Control(
                OpenParen,
            ),
            2..3,
        ),
        (
            Control(
                OpenParen,
            ),
            3..4,
        ),
        (
            Control(
                OpenParen,
            ),
            4..5,
        ),
        (
            Control(
                OpenParen,
            ),
            5..6,
        ),
        (
            Ident(
                "a",
            ),
            6..7,
        ),
        (
            Operator(
                Plus,
            ),
            8..9,
        ),
        (
            Ident(
                "b",
            ),
            10..11,
        ),
        (
            Control(
                CloseParen,
            ),
            11..12,
        ),
        (
            Operator(
                Star,
            ),
            13..14,
        ),
        (
            Ident(
                "c",
            ),
            15..16,
        ),
        (
            Control(
                CloseParen,
            ),
            16..17,
        ),
        (
            Operator(
                Slash,
            ),
            18..19,
        ),
        (
            Ident(
                "d",
            ),
            20..21,
        ),
        (
            Control(
                CloseParen,
            ),
            21..22,
        ),
        (
            Operator(
                Minus,
            ),
            23..24,
        ),
        (
            Ident(
                "e",
            ),
            25..26,
        ),
        (
            Control(
                CloseParen,
            ),
            26..27,
        ),
        (
            Operator(
                Plus,
            ),
            28..29,
        ),
        (
            Ident(
                "f",
            ),
            30..31,
        ),
        (
            Control(
                CloseParen,
            ),
            31..32,
        ),
        (
            Operator(
                Star,
            ),
            33..34,
        ),
        (
            Ident(
                "g",
            ),
            35..36,
        ),
        (
            Control(
                CloseParen,
            ),
            36..37,
        ),
    ],
)
